<?xml version="1.0" encoding="utf-8"?><testsuites><testsuite name="pytest" errors="0" failures="1" skipped="2" tests="6" time="0.174" timestamp="2025-05-13T10:43:59.669744+05:30" hostname="DESKTOP-3CKMDVP"><testcase classname="test_demo" name="test_btestample_one" time="0.002" /><testcase classname="test_demo" name="test_cample_two" time="0.001" /><testcase classname="test_demo" name="test_three" time="0.001"><skipped type="pytest.skip" message="sample">C:\PYTHON_SELENIUM\pytest\test_demo.py:11: sample</skipped></testcase><testcase classname="test_demo" name="test_ample_4" time="0.001"><failure message="AssertionError: assert False&#10; +  where False = &lt;method-wrapper '__eq__' of str object at 0x000001E89BCA43F0&gt;('aruns')&#10; +    where &lt;method-wrapper '__eq__' of str object at 0x000001E89BCA43F0&gt; = 'arun'.__eq__">&gt;   ???
E   AssertionError: assert False
E    +  where False = &lt;method-wrapper '__eq__' of str object at 0x000001E89BCA43F0&gt;('aruns')
E    +    where &lt;method-wrapper '__eq__' of str object at 0x000001E89BCA43F0&gt; = 'arun'.__eq__

C:\PYTHON_SELENIUM\pytest\test_demo.py:21: AssertionError</failure></testcase><testcase classname="test_demo" name="test_sample5" time="0.001"><skipped type="pytest.xfail" message="expected to fail" /></testcase><testcase classname="test_demo" name="test_sample6" time="0.001" /></testsuite></testsuites>